[github.com/login.html]
[backblue.gif]
[fade.gif]
[index.html]
[github.com/opensearch.xml]
[github.com/fluidicon.png]
[github.com/manifest.json]
[github.com/index.html]
[github.com/logine7b6.html]
[github.com/password_reset.html]
[github.com/signup3060.html]
[github.com/security.html]
[github.com/login.html]
[github.com/webgl-globe/data/data.json]
[github.com/signup50dd.html]
[github.com/features/actions.html]
[github.com/features/packages.html]
[github.com/features/security.html]
[github.com/features/codespaces.html]
[github.com/features/copilot.html]
[github.com/features/code-review.html]
[github.com/features/issues.html]
[github.com/features/discussions.html]
[github.com/features.html]
[github.com/enterprise.html]
[github.com/team.html]
[github.com/enterprise/startups.html]
[github.com/customer-stories.html]
[github.com/solutions/ci-cd/index.html]
[github.com/sponsors.html]
[github.com/readme.html]
[github.com/topics.html]
[github.com/trending.html]
[github.com/collections.html]
[github.com/pricing.html]
[github.com/features/preview/copilot-x.html]
[github.com/organizations/enterprise_plan1c17.html]
[github.com/organizations/enterprise_plan8549.html]
[github.com/joinc9e2.html]
[github.com/mobile.html]
[github.com/dayhaysoos.html]
[github.com/chaynhq.html]
[github.com/eslint.html]
[github.com/directus.html]
[github.com/prophen.html]
[github.com/sindresorhus.html]
[github.com/index.html]
[github.com/logine7b6.html]
[github.com/password_reset.html]
[github.com/signup3060.html]
[github.com/security.html]
[github.com/signup50dd.html]
[github.com/features/actions.html]
[github.com/features/packages.html]
[github.com/features/security.html]
[github.com/features/codespaces.html]
[github.com/features/copilot.html]
[github.com/features/code-review.html]
[github.com/features/issues.html]
[github.com/features/discussions.html]
[github.com/features.html]
[github.com/enterprise.html]
[github.com/team.html]
[github.com/enterprise/startups.html]
[github.com/solutions/ci-cd/index.html]
[github.com/customer-stories.html]
[github.com/sponsors.html]
[github.com/readme.html]
[github.com/topics.html]
[github.com/trending.html]
[github.com/collections.html]
[github.com/pricing.html]
[github.com/features/preview/copilot-x.html]
[github.com/organizations/enterprise_plan1c17.html]
[github.com/organizations/enterprise_plan8549.html]
[github.com/joinc9e2.html]
[github.com/mobile.html]
[github.com/dayhaysoos.html]
[github.com/chaynhq.html]
[github.com/eslint.html]
[github.com/directus.html]
[github.com/prophen.html]
[github.com/sindresorhus.html]
[github.com/yyx990803.html]
[github.com/yyx990803.html]
